#-----------------------------------------------------------
# Vivado v2022.1 (64-bit)
# SW Build 3526262 on Mon Apr 18 15:48:16 MDT 2022
# IP Build 3524634 on Mon Apr 18 20:55:01 MDT 2022
# Start of session at: Wed Dec  7 21:23:45 2022
# Process ID: 23612
# Current directory: C:/Users/sina/Documents/FPGA/chisel-test/LED_Blinky
# Command line: vivado.exe -gui_launcher_event rodinguilauncherevent26188 C:\Users\sina\Documents\FPGA\chisel-test\LED_Blinky\LED_Blinky.xpr
# Log file: C:/Users/sina/Documents/FPGA/chisel-test/LED_Blinky/vivado.log
# Journal file: C:/Users/sina/Documents/FPGA/chisel-test/LED_Blinky\vivado.jou
# Running On: DESKTOP-SEM2DAL, OS: Windows, CPU Frequency: 2496 MHz, CPU Physical cores: 6, Host memory: 16942 MB
#-----------------------------------------------------------
start_gui
open_project C:/Users/sina/Documents/FPGA/chisel-test/LED_Blinky/LED_Blinky.xpr
update_compile_order -fileset sources_1
launch_runs synth_1 -jobs 12
wait_on_run synth_1
update_compile_order -fileset sources_1
reset_run synth_1
launch_runs impl_1 -to_step write_bitstream -jobs 12
wait_on_run impl_1
reset_run synth_1
launch_runs impl_1 -to_step write_bitstream -jobs 12
wait_on_run impl_1
open_hw_manager
connect_hw_server -allow_non_jtag
open_hw_target
set_property PROGRAM.FILE {C:/Users/sina/Documents/FPGA/chisel-test/LED_Blinky/LED_Blinky.runs/impl_1/blinky.bit} [get_hw_devices xc7z020_1]
current_hw_device [get_hw_devices xc7z020_1]
refresh_hw_device -update_hw_probes false [lindex [get_hw_devices xc7z020_1] 0]
set_property PROBES.FILE {} [get_hw_devices xc7z020_1]
set_property FULL_PROBES.FILE {} [get_hw_devices xc7z020_1]
set_property PROGRAM.FILE {C:/Users/sina/Documents/FPGA/chisel-test/LED_Blinky/LED_Blinky.runs/impl_1/blinky.bit} [get_hw_devices xc7z020_1]
program_hw_devices [get_hw_devices xc7z020_1]
refresh_hw_device [lindex [get_hw_devices xc7z020_1] 0]
set_property PROBES.FILE {} [get_hw_devices xc7z020_1]
set_property FULL_PROBES.FILE {} [get_hw_devices xc7z020_1]
set_property PROGRAM.FILE {C:/Users/sina/Documents/FPGA/chisel-test/LED_Blinky/LED_Blinky.runs/impl_1/blinky.bit} [get_hw_devices xc7z020_1]
program_hw_devices [get_hw_devices xc7z020_1]
refresh_hw_device [lindex [get_hw_devices xc7z020_1] 0]
set_property PROBES.FILE {} [get_hw_devices xc7z020_1]
set_property FULL_PROBES.FILE {} [get_hw_devices xc7z020_1]
set_property PROGRAM.FILE {C:/Users/sina/Documents/FPGA/chisel-test/LED_Blinky/LED_Blinky.runs/impl_1/blinky.bit} [get_hw_devices xc7z020_1]
program_hw_devices [get_hw_devices xc7z020_1]
refresh_hw_device [lindex [get_hw_devices xc7z020_1] 0]
close_hw_manager
reset_run synth_1
launch_runs impl_1 -to_step write_bitstream -jobs 12
wait_on_run impl_1
open_hw_manager
connect_hw_server -allow_non_jtag
open_hw_target
set_property PROGRAM.FILE {C:/Users/sina/Documents/FPGA/chisel-test/LED_Blinky/LED_Blinky.runs/impl_1/blinky.bit} [get_hw_devices xc7z020_1]
current_hw_device [get_hw_devices xc7z020_1]
refresh_hw_device -update_hw_probes false [lindex [get_hw_devices xc7z020_1] 0]
set_property PROBES.FILE {} [get_hw_devices xc7z020_1]
set_property FULL_PROBES.FILE {} [get_hw_devices xc7z020_1]
set_property PROGRAM.FILE {C:/Users/sina/Documents/FPGA/chisel-test/LED_Blinky/LED_Blinky.runs/impl_1/blinky.bit} [get_hw_devices xc7z020_1]
program_hw_devices [get_hw_devices xc7z020_1]
refresh_hw_device [lindex [get_hw_devices xc7z020_1] 0]
update_compile_order -fileset sources_1
update_compile_order -fileset sources_1
close_hw_manager
reset_run synth_1
launch_runs impl_1 -to_step write_bitstream -jobs 12
wait_on_run impl_1
open_hw_manager
connect_hw_server -allow_non_jtag
open_hw_target
set_property PROGRAM.FILE {C:/Users/sina/Documents/FPGA/chisel-test/LED_Blinky/LED_Blinky.runs/impl_1/blinky.bit} [get_hw_devices xc7z020_1]
current_hw_device [get_hw_devices xc7z020_1]
refresh_hw_device -update_hw_probes false [lindex [get_hw_devices xc7z020_1] 0]
set_property PROBES.FILE {} [get_hw_devices xc7z020_1]
set_property FULL_PROBES.FILE {} [get_hw_devices xc7z020_1]
set_property PROGRAM.FILE {C:/Users/sina/Documents/FPGA/chisel-test/LED_Blinky/LED_Blinky.runs/impl_1/blinky.bit} [get_hw_devices xc7z020_1]
program_hw_devices [get_hw_devices xc7z020_1]
refresh_hw_device [lindex [get_hw_devices xc7z020_1] 0]
set_property PROBES.FILE {} [get_hw_devices xc7z020_1]
set_property FULL_PROBES.FILE {} [get_hw_devices xc7z020_1]
set_property PROGRAM.FILE {C:/Users/sina/Documents/FPGA/chisel-test/LED_Blinky/LED_Blinky.runs/impl_1/blinky.bit} [get_hw_devices xc7z020_1]
program_hw_devices [get_hw_devices xc7z020_1]
refresh_hw_device [lindex [get_hw_devices xc7z020_1] 0]
set_property PROBES.FILE {} [get_hw_devices xc7z020_1]
set_property FULL_PROBES.FILE {} [get_hw_devices xc7z020_1]
set_property PROGRAM.FILE {C:/Users/sina/Documents/FPGA/chisel-test/LED_Blinky/LED_Blinky.runs/impl_1/blinky.bit} [get_hw_devices xc7z020_1]
program_hw_devices [get_hw_devices xc7z020_1]
refresh_hw_device [lindex [get_hw_devices xc7z020_1] 0]
set_property PROBES.FILE {} [get_hw_devices xc7z020_1]
set_property FULL_PROBES.FILE {} [get_hw_devices xc7z020_1]
set_property PROGRAM.FILE {C:/Users/sina/Documents/FPGA/chisel-test/LED_Blinky/LED_Blinky.runs/impl_1/blinky.bit} [get_hw_devices xc7z020_1]
program_hw_devices [get_hw_devices xc7z020_1]
refresh_hw_device [lindex [get_hw_devices xc7z020_1] 0]
close_hw_manager
reset_run synth_1
launch_runs impl_1 -to_step write_bitstream -jobs 12
wait_on_run impl_1
open_hw_manager
connect_hw_server -allow_non_jtag
open_hw_target
set_property PROGRAM.FILE {C:/Users/sina/Documents/FPGA/chisel-test/LED_Blinky/LED_Blinky.runs/impl_1/blinky.bit} [get_hw_devices xc7z020_1]
current_hw_device [get_hw_devices xc7z020_1]
refresh_hw_device -update_hw_probes false [lindex [get_hw_devices xc7z020_1] 0]
set_property PROBES.FILE {} [get_hw_devices xc7z020_1]
set_property FULL_PROBES.FILE {} [get_hw_devices xc7z020_1]
set_property PROGRAM.FILE {C:/Users/sina/Documents/FPGA/chisel-test/LED_Blinky/LED_Blinky.runs/impl_1/blinky.bit} [get_hw_devices xc7z020_1]
program_hw_devices [get_hw_devices xc7z020_1]
refresh_hw_device [lindex [get_hw_devices xc7z020_1] 0]
close_hw_manager
reset_run synth_1
launch_runs impl_1 -to_step write_bitstream -jobs 12
wait_on_run impl_1
open_hw_manager
connect_hw_server -allow_non_jtag
open_hw_target
set_property PROGRAM.FILE {C:/Users/sina/Documents/FPGA/chisel-test/LED_Blinky/LED_Blinky.runs/impl_1/blinky.bit} [get_hw_devices xc7z020_1]
current_hw_device [get_hw_devices xc7z020_1]
refresh_hw_device -update_hw_probes false [lindex [get_hw_devices xc7z020_1] 0]
set_property PROBES.FILE {} [get_hw_devices xc7z020_1]
set_property FULL_PROBES.FILE {} [get_hw_devices xc7z020_1]
set_property PROGRAM.FILE {C:/Users/sina/Documents/FPGA/chisel-test/LED_Blinky/LED_Blinky.runs/impl_1/blinky.bit} [get_hw_devices xc7z020_1]
program_hw_devices [get_hw_devices xc7z020_1]
refresh_hw_device [lindex [get_hw_devices xc7z020_1] 0]
set_property PROBES.FILE {} [get_hw_devices xc7z020_1]
set_property FULL_PROBES.FILE {} [get_hw_devices xc7z020_1]
set_property PROGRAM.FILE {C:/Users/sina/Documents/FPGA/chisel-test/LED_Blinky/LED_Blinky.runs/impl_1/blinky.bit} [get_hw_devices xc7z020_1]
program_hw_devices [get_hw_devices xc7z020_1]
refresh_hw_device [lindex [get_hw_devices xc7z020_1] 0]
reset_run synth_1
close_hw_manager
launch_runs impl_1 -to_step write_bitstream -jobs 12
wait_on_run impl_1
open_hw_manager
connect_hw_server -allow_non_jtag
open_hw_target
set_property PROGRAM.FILE {C:/Users/sina/Documents/FPGA/chisel-test/LED_Blinky/LED_Blinky.runs/impl_1/blinky.bit} [get_hw_devices xc7z020_1]
current_hw_device [get_hw_devices xc7z020_1]
refresh_hw_device -update_hw_probes false [lindex [get_hw_devices xc7z020_1] 0]
set_property PROBES.FILE {} [get_hw_devices xc7z020_1]
set_property FULL_PROBES.FILE {} [get_hw_devices xc7z020_1]
set_property PROGRAM.FILE {C:/Users/sina/Documents/FPGA/chisel-test/LED_Blinky/LED_Blinky.runs/impl_1/blinky.bit} [get_hw_devices xc7z020_1]
program_hw_devices [get_hw_devices xc7z020_1]
refresh_hw_device [lindex [get_hw_devices xc7z020_1] 0]
reset_run synth_1
launch_runs impl_1 -to_step write_bitstream -jobs 12
wait_on_run impl_1
close_hw_manager
open_hw_manager
connect_hw_server -allow_non_jtag
open_hw_target
set_property PROGRAM.FILE {C:/Users/sina/Documents/FPGA/chisel-test/LED_Blinky/LED_Blinky.runs/impl_1/blinky.bit} [get_hw_devices xc7z020_1]
current_hw_device [get_hw_devices xc7z020_1]
refresh_hw_device -update_hw_probes false [lindex [get_hw_devices xc7z020_1] 0]
set_property PROBES.FILE {} [get_hw_devices xc7z020_1]
set_property FULL_PROBES.FILE {} [get_hw_devices xc7z020_1]
set_property PROGRAM.FILE {C:/Users/sina/Documents/FPGA/chisel-test/LED_Blinky/LED_Blinky.runs/impl_1/blinky.bit} [get_hw_devices xc7z020_1]
program_hw_devices [get_hw_devices xc7z020_1]
refresh_hw_device [lindex [get_hw_devices xc7z020_1] 0]
reset_run synth_1
launch_runs impl_1 -to_step write_bitstream -jobs 12
wait_on_run impl_1
open_run impl_1
close_hw_manager
reset_run synth_1
launch_runs impl_1 -to_step write_bitstream -jobs 12
wait_on_run impl_1
open_hw_manager
connect_hw_server -allow_non_jtag
open_hw_target
set_property PROGRAM.FILE {C:/Users/sina/Documents/FPGA/chisel-test/LED_Blinky/LED_Blinky.runs/impl_1/blinky.bit} [get_hw_devices xc7z020_1]
current_hw_device [get_hw_devices xc7z020_1]
refresh_hw_device -update_hw_probes false [lindex [get_hw_devices xc7z020_1] 0]
set_property PROBES.FILE {} [get_hw_devices xc7z020_1]
set_property FULL_PROBES.FILE {} [get_hw_devices xc7z020_1]
set_property PROGRAM.FILE {C:/Users/sina/Documents/FPGA/chisel-test/LED_Blinky/LED_Blinky.runs/impl_1/blinky.bit} [get_hw_devices xc7z020_1]
program_hw_devices [get_hw_devices xc7z020_1]
refresh_hw_device [lindex [get_hw_devices xc7z020_1] 0]
launch_simulation
source blinky.tcl
restart
run 1000 ns
restart
add_force {/blinky/clock} -radix hex {0 0ns} {1 50000ps} -repeat_every 100000ps
run 1000 ns
close_sim
close_hw_manager
reset_run synth_1
launch_runs impl_1 -to_step write_bitstream -jobs 12
wait_on_run impl_1
open_hw_manager
connect_hw_server -allow_non_jtag
open_hw_target
set_property PROGRAM.FILE {C:/Users/sina/Documents/FPGA/chisel-test/LED_Blinky/LED_Blinky.runs/impl_1/blinky.bit} [get_hw_devices xc7z020_1]
current_hw_device [get_hw_devices xc7z020_1]
refresh_hw_device -update_hw_probes false [lindex [get_hw_devices xc7z020_1] 0]
set_property PROBES.FILE {} [get_hw_devices xc7z020_1]
set_property FULL_PROBES.FILE {} [get_hw_devices xc7z020_1]
set_property PROGRAM.FILE {C:/Users/sina/Documents/FPGA/chisel-test/LED_Blinky/LED_Blinky.runs/impl_1/blinky.bit} [get_hw_devices xc7z020_1]
program_hw_devices [get_hw_devices xc7z020_1]
refresh_hw_device [lindex [get_hw_devices xc7z020_1] 0]
close_hw_manager
reset_run synth_1
launch_runs impl_1 -to_step write_bitstream -jobs 12
wait_on_run impl_1
open_hw_manager
connect_hw_server -allow_non_jtag
open_hw_target
set_property PROGRAM.FILE {C:/Users/sina/Documents/FPGA/chisel-test/LED_Blinky/LED_Blinky.runs/impl_1/blinky.bit} [get_hw_devices xc7z020_1]
current_hw_device [get_hw_devices xc7z020_1]
refresh_hw_device -update_hw_probes false [lindex [get_hw_devices xc7z020_1] 0]
set_property PROBES.FILE {} [get_hw_devices xc7z020_1]
set_property FULL_PROBES.FILE {} [get_hw_devices xc7z020_1]
set_property PROGRAM.FILE {C:/Users/sina/Documents/FPGA/chisel-test/LED_Blinky/LED_Blinky.runs/impl_1/blinky.bit} [get_hw_devices xc7z020_1]
program_hw_devices [get_hw_devices xc7z020_1]
refresh_hw_device [lindex [get_hw_devices xc7z020_1] 0]
